============================================
  Open-R1 SFT Test Job
  Job ID:    470581
  Node:      scholar-j001
  GPU:       0
  Time:      Mon Sep 28 02:04:00 AM EDT 2026
============================================
Mon Sep 28 02:04:00 2026       
+-----------------------------------------------------------------------------------------+
| NVIDIA-SMI 580.178.04             Driver Version: 580.178.04     CUDA Version: 13.0     |
+-----------------------------------------+------------------------+----------------------+
| GPU  Name                 Persistence-M | Bus-Id          Disp.A | Volatile Uncorr. ECC |
| Fan  Temp   Perf          Pwr:Usage/Cap |           Memory-Usage | GPU-Util  Compute M. |
|                                         |                        |               MIG M. |
|=========================================+========================+======================|
|   0  NVIDIA A40                     Off |   00000000:3B:00.0 Off |                    0 |
|  0%   37C    P8             21W /  300W |       0MiB /  46068MiB |      0%      Default |
|                                         |                        |                  N/A |
+-----------------------------------------+------------------------+----------------------+

+-----------------------------------------------------------------------------------------+
| Processes:                                                                              |
|  GPU   GI   CI              PID   Type   Process name                        GPU Memory |
|        ID   ID                                                               Usage      |
|=========================================================================================|
|  No running processes found                                                             |
+-----------------------------------------------------------------------------------------+
📊 GPU monitor started (PID=2706533)
=== [2026-09-28 02:04:01] GPU Status ===
name, utilization.gpu [%], utilization.memory [%], memory.used [MiB], memory.total [MiB], temperature.gpu, power.draw [W]
NVIDIA A40, 0, 0, 0, 46068, 37, 21.64
───────────────────────────────────────────────
=== [2026-09-28 02:04:16] GPU Status ===
name, utilization.gpu [%], utilization.memory [%], memory.used [MiB], memory.total [MiB], temperature.gpu, power.draw [W]
NVIDIA A40, 0, 0, 0, 46068, 37, 21.79
───────────────────────────────────────────────
[2026-09-28 02:04:29,494] [INFO] [real_accelerator.py:239:get_accelerator] Setting ds_accelerator to cuda (auto detect)
=== [2026-09-28 02:04:31] GPU Status ===
name, utilization.gpu [%], utilization.memory [%], memory.used [MiB], memory.total [MiB], temperature.gpu, power.draw [W]
NVIDIA A40, 0, 0, 6173, 46068, 40, 72.77
───────────────────────────────────────────────
Warning: The cache directory for DeepSpeed Triton autotune, /scratch/scholar/vo43/.triton, appears to be on an NFS system. While this is generally acceptable, if you experience slowdowns or hanging when DeepSpeed exits, it is recommended to set the TRITON_CACHE_DIR environment variable to a non-NFS path.
=== [2026-09-28 02:04:46] GPU Status ===
name, utilization.gpu [%], utilization.memory [%], memory.used [MiB], memory.total [MiB], temperature.gpu, power.draw [W]
NVIDIA A40, 0, 0, 24329, 46068, 50, 228.98
───────────────────────────────────────────────
=== [2026-09-28 02:05:01] GPU Status ===
name, utilization.gpu [%], utilization.memory [%], memory.used [MiB], memory.total [MiB], temperature.gpu, power.draw [W]
NVIDIA A40, 100, 85, 36231, 46068, 64, 262.02
───────────────────────────────────────────────
=== [2026-09-28 02:05:16] GPU Status ===
name, utilization.gpu [%], utilization.memory [%], memory.used [MiB], memory.total [MiB], temperature.gpu, power.draw [W]
NVIDIA A40, 100, 87, 36417, 46068, 71, 284.27
───────────────────────────────────────────────
=== [2026-09-28 02:05:31] GPU Status ===
name, utilization.gpu [%], utilization.memory [%], memory.used [MiB], memory.total [MiB], temperature.gpu, power.draw [W]
NVIDIA A40, 98, 95, 36417, 46068, 77, 268.71
───────────────────────────────────────────────
=== [2026-09-28 02:05:46] GPU Status ===
name, utilization.gpu [%], utilization.memory [%], memory.used [MiB], memory.total [MiB], temperature.gpu, power.draw [W]
NVIDIA A40, 100, 85, 36417, 46068, 81, 263.61
───────────────────────────────────────────────
=== [2026-09-28 02:06:01] GPU Status ===
name, utilization.gpu [%], utilization.memory [%], memory.used [MiB], memory.total [MiB], temperature.gpu, power.draw [W]
NVIDIA A40, 100, 88, 36417, 46068, 83, 280.14
───────────────────────────────────────────────
=== [2026-09-28 02:06:16] GPU Status ===
name, utilization.gpu [%], utilization.memory [%], memory.used [MiB], memory.total [MiB], temperature.gpu, power.draw [W]
NVIDIA A40, 100, 88, 36419, 46068, 84, 291.09
───────────────────────────────────────────────
=== [2026-09-28 02:06:31] GPU Status ===
name, utilization.gpu [%], utilization.memory [%], memory.used [MiB], memory.total [MiB], temperature.gpu, power.draw [W]
NVIDIA A40, 100, 87, 36419, 46068, 84, 279.64
───────────────────────────────────────────────
=== [2026-09-28 02:06:47] GPU Status ===
name, utilization.gpu [%], utilization.memory [%], memory.used [MiB], memory.total [MiB], temperature.gpu, power.draw [W]
NVIDIA A40, 100, 88, 36419, 46068, 84, 272.55
───────────────────────────────────────────────
=== [2026-09-28 02:07:02] GPU Status ===
name, utilization.gpu [%], utilization.memory [%], memory.used [MiB], memory.total [MiB], temperature.gpu, power.draw [W]
NVIDIA A40, 22, 1, 36419, 46068, 74, 174.38
───────────────────────────────────────────────
=== [2026-09-28 02:07:17] GPU Status ===
name, utilization.gpu [%], utilization.memory [%], memory.used [MiB], memory.total [MiB], temperature.gpu, power.draw [W]
NVIDIA A40, 8, 0, 36419, 46068, 63, 85.97
───────────────────────────────────────────────
=== [2026-09-28 02:07:32] GPU Status ===
name, utilization.gpu [%], utilization.memory [%], memory.used [MiB], memory.total [MiB], temperature.gpu, power.draw [W]
NVIDIA A40, 0, 0, 36419, 46068, 58, 81.82
───────────────────────────────────────────────
{'train_runtime': 172.4509, 'train_samples_per_second': 1.392, 'train_steps_per_second': 0.174, 'train_loss': 1.4648427327473958, 'num_tokens': 345900.0, 'mean_token_accuracy': 0.6229961156845093, 'epoch': 0.0}
***** train metrics *****
  total_flos               =  3090540GF
  train_loss               =     1.4648
  train_runtime            = 0:02:52.45
  train_samples            =     172514
  train_samples_per_second =      1.392
  train_steps_per_second   =      0.174
Job finished at: Mon Sep 28 02:07:42 AM EDT 2026
📊 GPU monitor stopped.
